// Jest Snapshot v1, https://goo.gl/fbAQLP

exports[`Should render Edit spend page 1`] = `
<div>
  <SpendingForm
    onSubmit={[Function]}
    spending={
      Object {
        "amount": 4500,
        "createdAt": 345600000,
        "description": "Credit card",
        "id": "3",
        "note": "",
      }
    }
  />
  <button
    onClick={[Function]}
  >
    Remove
  </button>
</div>
`;
